<html>
<body>
<pre>
<h1>µVision Build Log</h1>
<h2>Project:</h2>
C:\Keil\Labware\Lab13_DAC\Lab13.uvproj
Project File Date:  03/13/2014

<h2>Output:</h2>
Build target 'Lab13'
compiling Lab13.c...
Lab13.c(57): warning:  #128-D: loop is not reachable
    while(1) {              
Lab13.c: 1 warning, 0 errors
linking...
Program Size: Code=6196 RO-data=9608 RW-data=80 ZI-data=1816  
".\Lab13.axf" - 0 Error(s), 1 Warning(s).
Load "C:\\Keil\\Labware\\Lab13_DAC\\Lab13.axf" 
Connecting: Mode=JTAG, Speed=1000000Hz
Erase Done.
Programming Done.
Verify OK.
Load "C:\\Keil\\Labware\\Lab13_DAC\\Lab13.axf" 
Connecting: Mode=JTAG, Speed=1000000Hz
Erase Done.
Programming Done.
Verify OK.
</pre>
</body>
</html>
