<html>
<body>
<pre>
<h1>µVision Build Log</h1>
<h2>Project:</h2>
C:\Keil\Labware\Lab9_FunctionalDebugging\Lab9.uvproj
Project File Date:  02/11/2014

<h2>Output:</h2>
Build target 'Lab9'
compiling main.c...
main.c(96): warning:  #550-D: variable "last" was set but never used
        unsigned long last;
main.c(105): warning:  #177-D: variable "isChanged" was declared but never referenced
        int isChanged = 0;
main.c: 2 warnings, 0 errors
linking...
Program Size: Code=3028 RO-data=2712 RW-data=68 ZI-data=1644  
".\Lab9.axf" - 0 Error(s), 2 Warning(s).
