<html>
<body>
<pre>
<h1>µVision Build Log</h1>
<h2>Project:</h2>
C:\Keil\Labware\Lab9_FunctionalDebugging\Lab9.uvproj
Project File Date:  02/11/2014

<h2>Output:</h2>
Build target 'Lab9'
compiling main.c...
linking...
Program Size: Code=3128 RO-data=2712 RW-data=80 ZI-data=1640  
".\Lab9.axf" - 0 Error(s), 0 Warning(s).
n.c: 1 warning, 0 errors
linking...
Program Size: Code=3128 RO-data=2712 RW-data=80 ZI-data=1640  
".\Lab9.axf" - 0 Error(s), 1 Warning(s).
w)&0x00FFFFFF;  // 24-bit time difference
main.c(98): error:  #20: identifier "last" is undefined
    last = NVIC_ST_CURRENT_R;
main.c(106): warning:  #550-D: variable "i" was set but never used
        unsigned long i,last,now;
main.c(106): warning:  #177-D: variable "last" was declared but never referenced
        unsigned long i,last,now;
main.c(106): warning:  #177-D: variable "now" was declared but never referenced
        unsigned long i,last,now;
main.c(107): warning:  #177-D: variable "isChanged" was declared but never referenced
        int isChanged = 0;
main.c: 4 warnings, 4 errors
".\Lab9.axf" - 4 Error(s), 4 Warning(s).
Target not created
