<html>
<body>
<pre>
<h1>µVision Build Log</h1>
<h2>Project:</h2>
C:\Keil\Labware\Lab11_UART\Lab11.uvproj
Project File Date:  04/01/2014

<h2>Output:</h2>
Build target 'Lab11'
compiling UART.c...
linking...
Program Size: Code=2876 RO-data=696 RW-data=44 ZI-data=1764  
".\Lab11.axf" - 0 Error(s), 0 Warning(s).
ct"
                strcpy(String, "Jane");
UART.c: 1 warning, 0 errors
linking...
Program Size: Code=2828 RO-data=696 RW-data=44 ZI-data=1764  
".\Lab11.axf" - 0 Error(s), 1 Warning(s).
, 0 errors
linking...
Program Size: Code=2840 RO-data=696 RW-data=44 ZI-data=1764  
".\Lab11.axf" - 0 Error(s), 2 Warning(s).
