<html>
<body>
<pre>
<h1>µVision Build Log</h1>
<h2>Project:</h2>
C:\Keil\Labware\Lab8_SwitchLEDinterface\Lab8.uvproj
Project File Date:  02/10/2014

<h2>Output:</h2>
Build target 'Lab8'
compiling SwitchLEDInterface.c...
linking...
Program Size: Code=3972 RO-data=6628 RW-data=64 ZI-data=1752  
".\Lab8.axf" - 0 Error(s), 0 Warning(s).
</pre>
</body>
</html>
terface.c: 0 warnings, 1 error
".\Lab8.axf" - 1 Error(s), 0 Warning(s).
Target not created
lash(void) {
SwitchLEDInterface.c(115): warning:  #1-D: last line of file ends without a newline
  }
SwitchLEDInterface.c: 2 warnings, 1 error
".\Lab8.axf" - 1 Error(s), 2 Warning(s).
Target not created
